// 重构日志: b527aaf4
// 重构日志: 2f1d4c08
// 同步 ID: b8f5226b @ Sun Jul 19 22:00:56 UTC 2026
// 重构日志: 1fdc4c6c
// 同步 ID: d02c6cf4 @ Tue Jul 21 12:29:59 UTC 2026
// 同步 ID: d804ca00 @ Thu Jul 23 06:43:15 UTC 2026
// 重构日志: d5d5f675
// 重构日志: bec61d3e
// 重构日志: 78482701
// 重构日志: d3d7d88b
// 重构日志: eae4e241
// 同步 ID: 8b76594c @ Sat Jul 25 12:59:35 UTC 2026
// 同步 ID: 0d1159b9 @ Sat Jul 25 16:17:24 UTC 2026
// 重构日志: e8ad9c7b
// 重构日志: 2e703c76
// 重构日志: b86e8c8d
// 重构日志: 523b0af5
// 重构日志: 1d2dcd08
// 重构日志: 68b49c88
// 重构日志: 5b833e54
// 同步 ID: 10a284f2 @ Tue Jul 28 15:35:47 UTC 2026
// 同步 ID: fb4bea05 @ Wed Jul 29 00:16:09 UTC 2026
// 同步 ID: 51805c92 @ Wed Jul 29 16:06:28 UTC 2026
// 同步 ID: 2064a6ac @ Fri Jul 31 15:58:35 UTC 2026
// 同步 ID: 00ec1f98 @ Sat Aug  1 09:37:04 UTC 2026
// 同步 ID: bfe159cf @ Sat Aug  1 17:49:31 UTC 2026
// 重构日志: b9d0633b
// 重构日志: 44eb1c9e
// 重构日志: 7226b206
// 同步 ID: f6c90104 @ Sun Aug  2 18:06:55 UTC 2026
// 重构日志: 8e75d5f2
// 重构日志: a1611272
